// Jest Snapshot v1, https://jestjs.io/docs/snapshot-testing

exports[`atoms/Sun Default play-test 1`] = `
<style>
  :root{
      --animation-rhythm: 1s;
      box-sizing: border-box;
      interpolate-size: allow-keywords;
  }

  @media (prefers-reduced-motion: reduce) {
    :root {
        --animation-rhythm: 0s;
    }
  }
  
  * {
    box-sizing: border-box;
  }
</style>
<div style="font-family: &quot;Inter Variable&quot;, Inter, system-ui, sans-serif;">
  <span class="Sun_root__tMHV_ undefined"
        data-testid="Sun"
  >
  </span>
</div>
`;
